// Jest Snapshot v1, https://goo.gl/fbAQLP

exports[`Snapshot test of Chip 1`] = `
<div
  className="ChipComponent-root-1"
>
  <div
    className="MuiChip-root ChipComponent-chip-2 MuiChip-colorPrimary MuiChip-deletableColorPrimary MuiChip-deletable"
    onKeyUp={[Function]}
    role="button"
    tabIndex={0}
  >
    <span
      className="MuiChip-label"
    >
      @ffri/sample
    </span>
    <svg
      aria-hidden="true"
      className="MuiSvgIcon-root MuiChip-deleteIcon MuiChip-deleteIconColorPrimary"
      focusable="false"
      onClick={[Function]}
      role="presentation"
      viewBox="0 0 24 24"
    >
      <path
        d="M12 2C6.47 2 2 6.47 2 12s4.47 10 10 10 10-4.47 10-10S17.53 2 12 2zm5 13.59L15.59 17 12 13.41 8.41 17 7 15.59 10.59 12 7 8.41 8.41 7 12 10.59 15.59 7 17 8.41 13.41 12 17 15.59z"
      />
    </svg>
  </div>
</div>
`;
