// Jest Snapshot v1, https://goo.gl/fbAQLP

exports[`Snapshot test of Login 1`] = `
<div>
  <a
    aria-describedby={null}
    aria-disabled={false}
    aria-label="login"
    className="MuiButtonBase-root MuiButton-root MuiButton-contained"
    href="https://github.com/login/oauth/authorize?allow_signup=true&client_id=aaaaaaaa&redirect_url=http://localhost:1234/&scope=repo&state=abcdefg"
    onBlur={[Function]}
    onDragLeave={[Function]}
    onFocus={[Function]}
    onKeyDown={[Function]}
    onKeyUp={[Function]}
    onMouseDown={[Function]}
    onMouseLeave={[Function]}
    onMouseOver={[Function]}
    onMouseUp={[Function]}
    onTouchEnd={[Function]}
    onTouchMove={[Function]}
    onTouchStart={[Function]}
    tabIndex={0}
    title="Enable GitHub OAuth"
  >
    <span
      className="MuiButton-label"
    >
      Authorize App
    </span>
    <span
      className="MuiTouchRipple-root"
    />
  </a>
</div>
`;
