// Jest Snapshot v1, https://goo.gl/fbAQLP

exports[`Snapshot test of Graph 1`] = `
<div>
  <button
    aria-describedby={null}
    aria-label="logout"
    className="MuiButtonBase-root MuiButton-root MuiButton-contained MuiButton-containedPrimary"
    disabled={false}
    onBlur={[Function]}
    onClick={[Function]}
    onDragLeave={[Function]}
    onFocus={[Function]}
    onKeyDown={[Function]}
    onKeyUp={[Function]}
    onMouseDown={[Function]}
    onMouseLeave={[Function]}
    onMouseOver={[Function]}
    onMouseUp={[Function]}
    onTouchEnd={[Function]}
    onTouchMove={[Function]}
    onTouchStart={[Function]}
    tabIndex={0}
    title="Disable GitHub OAuth"
    type="button"
  >
    <span
      className="MuiButton-label"
    >
      Deauthorize App
    </span>
    <span
      className="MuiTouchRipple-root"
    />
  </button>
</div>
`;
